Archive member included to satisfy reference by file (symbol)

/usr/lib/gcc/arm-none-eabi/6.3.1/../../../arm-none-eabi/lib/thumb/v6-m/libc.a(lib_a-atexit.o)
                              /usr/lib/gcc/arm-none-eabi/6.3.1/../../../arm-none-eabi/lib/thumb/v6-m/crt0.o (atexit)
/usr/lib/gcc/arm-none-eabi/6.3.1/../../../arm-none-eabi/lib/thumb/v6-m/libc.a(lib_a-exit.o)
                              /usr/lib/gcc/arm-none-eabi/6.3.1/../../../arm-none-eabi/lib/thumb/v6-m/crt0.o (exit)
/usr/lib/gcc/arm-none-eabi/6.3.1/../../../arm-none-eabi/lib/thumb/v6-m/libc.a(lib_a-fini.o)
                              /usr/lib/gcc/arm-none-eabi/6.3.1/../../../arm-none-eabi/lib/thumb/v6-m/crt0.o (__libc_fini_array)
/usr/lib/gcc/arm-none-eabi/6.3.1/../../../arm-none-eabi/lib/thumb/v6-m/libc.a(lib_a-impure.o)
                              /usr/lib/gcc/arm-none-eabi/6.3.1/../../../arm-none-eabi/lib/thumb/v6-m/libc.a(lib_a-exit.o) (_global_impure_ptr)
/usr/lib/gcc/arm-none-eabi/6.3.1/../../../arm-none-eabi/lib/thumb/v6-m/libc.a(lib_a-init.o)
                              /usr/lib/gcc/arm-none-eabi/6.3.1/../../../arm-none-eabi/lib/thumb/v6-m/crt0.o (__libc_init_array)
/usr/lib/gcc/arm-none-eabi/6.3.1/../../../arm-none-eabi/lib/thumb/v6-m/libc.a(lib_a-memset.o)
                              /usr/lib/gcc/arm-none-eabi/6.3.1/../../../arm-none-eabi/lib/thumb/v6-m/crt0.o (memset)
/usr/lib/gcc/arm-none-eabi/6.3.1/../../../arm-none-eabi/lib/thumb/v6-m/libc.a(lib_a-__atexit.o)
                              /usr/lib/gcc/arm-none-eabi/6.3.1/../../../arm-none-eabi/lib/thumb/v6-m/libc.a(lib_a-atexit.o) (__register_exitproc)
/usr/lib/gcc/arm-none-eabi/6.3.1/../../../arm-none-eabi/lib/thumb/v6-m/libc.a(lib_a-__call_atexit.o)
                              /usr/lib/gcc/arm-none-eabi/6.3.1/../../../arm-none-eabi/lib/thumb/v6-m/libc.a(lib_a-exit.o) (__call_exitprocs)
/usr/lib/gcc/arm-none-eabi/6.3.1/../../../arm-none-eabi/lib/thumb/v6-m/libnosys.a(_exit.o)
                              /usr/lib/gcc/arm-none-eabi/6.3.1/../../../arm-none-eabi/lib/thumb/v6-m/libc.a(lib_a-exit.o) (_exit)
/usr/lib/gcc/arm-none-eabi/6.3.1/thumb/v6-m/libgcc.a(_udivsi3.o)
                              build/stm32f0xx_hal.o (__aeabi_uidiv)
/usr/lib/gcc/arm-none-eabi/6.3.1/thumb/v6-m/libgcc.a(_dvmd_tls.o)
                              /usr/lib/gcc/arm-none-eabi/6.3.1/thumb/v6-m/libgcc.a(_udivsi3.o) (__aeabi_idiv0)

Allocating common symbols
Common symbol       size              file

x                   0x4               build/blinkt.o
uwTick              0x4               build/stm32f0xx_hal.o
pFlash              0x20              build/stm32f0xx_hal_flash.o
spi_data            0x1               build/blinkt.o
hspi1               0x64              build/spi.o

Discarded input sections

 .text          0x0000000000000000        0x0 /usr/lib/gcc/arm-none-eabi/6.3.1/thumb/v6-m/crti.o
 .data          0x0000000000000000        0x0 /usr/lib/gcc/arm-none-eabi/6.3.1/thumb/v6-m/crti.o
 .bss           0x0000000000000000        0x0 /usr/lib/gcc/arm-none-eabi/6.3.1/thumb/v6-m/crti.o
 .data          0x0000000000000000        0x4 /usr/lib/gcc/arm-none-eabi/6.3.1/thumb/v6-m/crtbegin.o
 .text          0x0000000000000000       0x6c /usr/lib/gcc/arm-none-eabi/6.3.1/../../../arm-none-eabi/lib/thumb/v6-m/crt0.o
 .data          0x0000000000000000        0x0 /usr/lib/gcc/arm-none-eabi/6.3.1/../../../arm-none-eabi/lib/thumb/v6-m/crt0.o
 .bss           0x0000000000000000        0x0 /usr/lib/gcc/arm-none-eabi/6.3.1/../../../arm-none-eabi/lib/thumb/v6-m/crt0.o
 .ARM.extab     0x0000000000000000        0x0 /usr/lib/gcc/arm-none-eabi/6.3.1/../../../arm-none-eabi/lib/thumb/v6-m/crt0.o
 .ARM.exidx     0x0000000000000000        0x8 /usr/lib/gcc/arm-none-eabi/6.3.1/../../../arm-none-eabi/lib/thumb/v6-m/crt0.o
 .debug_line    0x0000000000000000       0x83 /usr/lib/gcc/arm-none-eabi/6.3.1/../../../arm-none-eabi/lib/thumb/v6-m/crt0.o
 .debug_info    0x0000000000000000       0xa3 /usr/lib/gcc/arm-none-eabi/6.3.1/../../../arm-none-eabi/lib/thumb/v6-m/crt0.o
 .debug_abbrev  0x0000000000000000       0x14 /usr/lib/gcc/arm-none-eabi/6.3.1/../../../arm-none-eabi/lib/thumb/v6-m/crt0.o
 .debug_aranges
                0x0000000000000000       0x20 /usr/lib/gcc/arm-none-eabi/6.3.1/../../../arm-none-eabi/lib/thumb/v6-m/crt0.o
 .ARM.attributes
                0x0000000000000000       0x1b /usr/lib/gcc/arm-none-eabi/6.3.1/../../../arm-none-eabi/lib/thumb/v6-m/crt0.o
 .text          0x0000000000000000        0x0 build/stm32f0xx_hal.o
 .data          0x0000000000000000        0x0 build/stm32f0xx_hal.o
 .bss           0x0000000000000000        0x0 build/stm32f0xx_hal.o
 .text.HAL_MspInit
                0x0000000000000000        0x2 build/stm32f0xx_hal.o
 .text.HAL_MspDeInit
                0x0000000000000000        0x2 build/stm32f0xx_hal.o
 .text.HAL_DeInit
                0x0000000000000000       0x24 build/stm32f0xx_hal.o
 .text.HAL_GetTickPrio
                0x0000000000000000        0xc build/stm32f0xx_hal.o
[...]
Memory Configuration

Name             Origin             Length             Attributes
RAM              0x0000000020000000 0x0000000000008000 xrw
FLASH            0x0000000008000000 0x0000000000040000 xr
*default*        0x0000000000000000 0xffffffffffffffff

Linker script and memory map

LOAD /usr/lib/gcc/arm-none-eabi/6.3.1/thumb/v6-m/crti.o
LOAD /usr/lib/gcc/arm-none-eabi/6.3.1/thumb/v6-m/crtbegin.o
LOAD /usr/lib/gcc/arm-none-eabi/6.3.1/../../../arm-none-eabi/lib/thumb/v6-m/crt0.o
LOAD build/stm32f0xx_hal.o
LOAD build/stm32f0xx_hal_cortex.o
LOAD build/stm32f0xx_hal_dma.o
LOAD build/stm32f0xx_hal_exti.o
LOAD build/stm32f0xx_hal_flash.o
LOAD build/stm32f0xx_hal_flash_ex.o
LOAD build/stm32f0xx_hal_gpio.o
LOAD build/stm32f0xx_hal_i2c.o
LOAD build/stm32f0xx_hal_i2c_ex.o
LOAD build/stm32f0xx_hal_pwr.o
LOAD build/stm32f0xx_hal_pwr_ex.o
LOAD build/stm32f0xx_hal_rcc.o
LOAD build/stm32f0xx_hal_rcc_ex.o
LOAD build/stm32f0xx_hal_spi.o
LOAD build/stm32f0xx_hal_spi_ex.o
LOAD build/stm32f0xx_hal_tim.o
LOAD build/stm32f0xx_hal_tim_ex.o
LOAD build/blinkt.o
LOAD build/gpio.o
LOAD build/main.o
LOAD build/spi.o
LOAD build/stm32f0xx_hal_msp.o
LOAD build/stm32f0xx_it.o
LOAD build/system_stm32f0xx.o
LOAD build/startup_stm32f091xc.o
LOAD /usr/lib/gcc/arm-none-eabi/6.3.1/../../../arm-none-eabi/lib/thumb/v6-m/libc.a
LOAD /usr/lib/gcc/arm-none-eabi/6.3.1/../../../arm-none-eabi/lib/thumb/v6-m/libm.a
LOAD /usr/lib/gcc/arm-none-eabi/6.3.1/../../../arm-none-eabi/lib/thumb/v6-m/libnosys.a
START GROUP
LOAD /usr/lib/gcc/arm-none-eabi/6.3.1/thumb/v6-m/libgcc.a
LOAD /usr/lib/gcc/arm-none-eabi/6.3.1/../../../arm-none-eabi/lib/thumb/v6-m/libc.a
END GROUP
START GROUP
LOAD /usr/lib/gcc/arm-none-eabi/6.3.1/thumb/v6-m/libgcc.a
LOAD /usr/lib/gcc/arm-none-eabi/6.3.1/../../../arm-none-eabi/lib/thumb/v6-m/libc.a
LOAD /usr/lib/gcc/arm-none-eabi/6.3.1/../../../arm-none-eabi/lib/thumb/v6-m/libnosys.a
END GROUP
LOAD /usr/lib/gcc/arm-none-eabi/6.3.1/thumb/v6-m/crtend.o
LOAD /usr/lib/gcc/arm-none-eabi/6.3.1/thumb/v6-m/crtn.o
                0x0000000020008000                _estack = 0x20008000
                0x0000000000000200                _Min_Heap_Size = 0x200
                0x0000000000000400                _Min_Stack_Size = 0x400

.isr_vector     0x0000000008000000       0xbc
                0x0000000008000000                . = ALIGN (0x4)
 *(.isr_vector)
 .isr_vector    0x0000000008000000       0xbc build/startup_stm32f091xc.o
                0x0000000008000000                g_pfnVectors
                0x00000000080000bc                . = ALIGN (0x4)

.text           0x00000000080000bc     0x1704
                0x00000000080000bc                . = ALIGN (0x4)
 *(.text)
 .text          0x00000000080000bc       0xb4 /usr/lib/gcc/arm-none-eabi/6.3.1/thumb/v6-m/crtbegin.o
 .text          0x0000000008000170       0x10 /usr/lib/gcc/arm-none-eabi/6.3.1/../../../arm-none-eabi/lib/thumb/v6-m/libc.a(lib_a-atexit.o)
                0x0000000008000170                atexit
 .text          0x0000000008000180       0x34 /usr/lib/gcc/arm-none-eabi/6.3.1/../../../arm-none-eabi/lib/thumb/v6-m/libc.a(lib_a-fini.o)
                0x0000000008000180                __libc_fini_array
 .text          0x00000000080001b4       0x48 /usr/lib/gcc/arm-none-eabi/6.3.1/../../../arm-none-eabi/lib/thumb/v6-m/libc.a(lib_a-init.o)
                0x00000000080001b4                __libc_init_array
 .text          0x00000000080001fc       0x94 /usr/lib/gcc/arm-none-eabi/6.3.1/../../../arm-none-eabi/lib/thumb/v6-m/libc.a(lib_a-memset.o)
                0x00000000080001fc                memset
 .text          0x0000000008000290       0xd4 /usr/lib/gcc/arm-none-eabi/6.3.1/../../../arm-none-eabi/lib/thumb/v6-m/libc.a(lib_a-__atexit.o)
                0x0000000008000290                __register_exitproc
 .text          0x0000000008000364      0x114 /usr/lib/gcc/arm-none-eabi/6.3.1/thumb/v6-m/libgcc.a(_udivsi3.o)
                0x0000000008000364                __udivsi3
                0x0000000008000364                __aeabi_uidiv
                0x0000000008000470                __aeabi_uidivmod
 .text          0x0000000008000478        0x4 /usr/lib/gcc/arm-none-eabi/6.3.1/thumb/v6-m/libgcc.a(_dvmd_tls.o)
                0x0000000008000478                __aeabi_ldiv0
                0x0000000008000478                __aeabi_idiv0
 *(.text*)
 .text.HAL_InitTick
                0x000000000800047c       0x4c build/stm32f0xx_hal.o
                0x000000000800047c                HAL_InitTick
 .text.HAL_Init
                0x00000000080004c8       0x20 build/stm32f0xx_hal.o
                0x00000000080004c8                HAL_Init
 .text.HAL_IncTick
                0x00000000080004e8       0x18 build/stm32f0xx_hal.o
                0x00000000080004e8                HAL_IncTick
 .text.HAL_GetTick
                0x0000000008000500        0xc build/stm32f0xx_hal.o
                0x0000000008000500                HAL_GetTick
 .text.HAL_Delay
                0x000000000800050c       0x24 build/stm32f0xx_hal.o
                0x000000000800050c                HAL_Delay
 .text.HAL_NVIC_SetPriority
                0x0000000008000530       0x60 build/stm32f0xx_hal_cortex.o
                0x0000000008000530                HAL_NVIC_SetPriority
 .text.HAL_SYSTICK_Config
                0x0000000008000590       0x38 build/stm32f0xx_hal_cortex.o
                0x0000000008000590                HAL_SYSTICK_Config
 .text.HAL_GPIO_Init
                0x00000000080005c8      0x19c build/stm32f0xx_hal_gpio.o
                0x00000000080005c8                HAL_GPIO_Init
 .text.HAL_GPIO_WritePin
                0x0000000008000764        0xc build/stm32f0xx_hal_gpio.o
                0x0000000008000764                HAL_GPIO_WritePin
 .text.HAL_RCC_OscConfig
                0x0000000008000770      0x53c build/stm32f0xx_hal_rcc.o
                0x0000000008000770                HAL_RCC_OscConfig
 .text.HAL_RCC_GetSysClockFreq
                0x0000000008000cac       0x94 build/stm32f0xx_hal_rcc.o
                0x0000000008000cac                HAL_RCC_GetSysClockFreq
 .text.HAL_RCC_ClockConfig
                0x0000000008000d40      0x140 build/stm32f0xx_hal_rcc.o
                0x0000000008000d40                HAL_RCC_ClockConfig
 .text.SPI_WaitFlagStateUntilTimeout
                0x0000000008000e80       0x9c build/stm32f0xx_hal_spi.o
 .text.SPI_WaitFifoStateUntilTimeout
                0x0000000008000f1c       0xa8 build/stm32f0xx_hal_spi.o
 .text.SPI_EndRxTxTransaction
                0x0000000008000fc4       0x68 build/stm32f0xx_hal_spi.o
 .text.HAL_SPI_Init
                0x000000000800102c       0xcc build/stm32f0xx_hal_spi.o
                0x000000000800102c                HAL_SPI_Init
 .text.HAL_SPI_Transmit
                0x00000000080010f8      0x1de build/stm32f0xx_hal_spi.o
                0x00000000080010f8                HAL_SPI_Transmit
 *fill*         0x00000000080012d6        0x2 
 .text.set_pixel_brightness_blinkt
                0x00000000080012d8       0x24 build/blinkt.o
                0x00000000080012d8                set_pixel_brightness_blinkt
 .text.rgbb_blinkt
                0x00000000080012fc       0x14 build/blinkt.o
                0x00000000080012fc                rgbb_blinkt
 .text.set_pixel_blinkt
                0x0000000008001310       0x24 build/blinkt.o
                0x0000000008001310                set_pixel_blinkt
 .text.write_byte_blinkt
                0x0000000008001334       0x1c build/blinkt.o
                0x0000000008001334                write_byte_blinkt
 .text.show_blinkt
                0x0000000008001350       0x90 build/blinkt.o
                0x0000000008001350                show_blinkt
 .text.candle_brightness_blinkt
                0x00000000080013e0       0x44 build/blinkt.o
                0x00000000080013e0                candle_brightness_blinkt
 .text.candle_color_shift
                0x0000000008001424       0x80 build/blinkt.o
                0x0000000008001424                candle_color_shift
 .text.MX_GPIO_Init
                0x00000000080014a4       0xc4 build/gpio.o
                0x00000000080014a4                MX_GPIO_Init
 .text.SystemClock_Config
                0x0000000008001568       0x52 build/main.o
                0x0000000008001568                SystemClock_Config
 .text.main     0x00000000080015ba       0x86 build/main.o
                0x00000000080015ba                main
 .text.Error_Handler
                0x0000000008001640        0x2 build/main.o
                0x0000000008001640                Error_Handler
 *fill*         0x0000000008001642        0x2 
 .text.MX_SPI1_Init
                0x0000000008001644       0x50 build/spi.o
                0x0000000008001644                MX_SPI1_Init
 .text.HAL_SPI_MspInit
                0x0000000008001694       0x64 build/spi.o
                0x0000000008001694                HAL_SPI_MspInit
 .text.HAL_MspInit
                0x00000000080016f8       0x30 build/stm32f0xx_hal_msp.o
                0x00000000080016f8                HAL_MspInit
 .text.NMI_Handler
                0x0000000008001728        0x2 build/stm32f0xx_it.o
                0x0000000008001728                NMI_Handler
 .text.HardFault_Handler
                0x000000000800172a        0x2 build/stm32f0xx_it.o
                0x000000000800172a                HardFault_Handler
 .text.SVC_Handler
                0x000000000800172c        0x2 build/stm32f0xx_it.o
                0x000000000800172c                SVC_Handler
 .text.PendSV_Handler
                0x000000000800172e        0x2 build/stm32f0xx_it.o
                0x000000000800172e                PendSV_Handler
 .text.SysTick_Handler
                0x0000000008001730        0x8 build/stm32f0xx_it.o
                0x0000000008001730                SysTick_Handler
 .text.SystemInit
                0x0000000008001738        0x2 build/system_stm32f0xx.o
                0x0000000008001738                SystemInit
 *fill*         0x000000000800173a        0x2 
 .text.Reset_Handler
                0x000000000800173c       0x50 build/startup_stm32f091xc.o
                0x000000000800173c                Reset_Handler
 .text.Default_Handler
                0x000000000800178c        0x2 build/startup_stm32f091xc.o
                0x000000000800178c                TIM1_CC_IRQHandler
                0x000000000800178c                TSC_IRQHandler
                0x000000000800178c                ADC1_COMP_IRQHandler
                0x000000000800178c                I2C1_IRQHandler
                0x000000000800178c                RCC_CRS_IRQHandler
                0x000000000800178c                SPI1_IRQHandler
                0x000000000800178c                TIM6_DAC_IRQHandler
                0x000000000800178c                DMA1_Ch1_IRQHandler
                0x000000000800178c                EXTI2_3_IRQHandler
                0x000000000800178c                I2C2_IRQHandler
                0x000000000800178c                TIM17_IRQHandler
                0x000000000800178c                CEC_CAN_IRQHandler
                0x000000000800178c                RTC_IRQHandler
                0x000000000800178c                PVD_VDDIO2_IRQHandler
                0x000000000800178c                TIM16_IRQHandler
                0x000000000800178c                TIM3_IRQHandler
                0x000000000800178c                EXTI4_15_IRQHandler
                0x000000000800178c                USART3_8_IRQHandler
                0x000000000800178c                Default_Handler
                0x000000000800178c                TIM14_IRQHandler
                0x000000000800178c                TIM7_IRQHandler
                0x000000000800178c                TIM15_IRQHandler
                0x000000000800178c                EXTI0_1_IRQHandler
                0x000000000800178c                SPI2_IRQHandler
                0x000000000800178c                DMA1_Ch2_3_DMA2_Ch1_2_IRQHandler
                0x000000000800178c                DMA1_Ch4_7_DMA2_Ch3_5_IRQHandler
                0x000000000800178c                WWDG_IRQHandler
                0x000000000800178c                TIM2_IRQHandler
                0x000000000800178c                USART2_IRQHandler
                0x000000000800178c                FLASH_IRQHandler
                0x000000000800178c                USART1_IRQHandler
                0x000000000800178c                TIM1_BRK_UP_TRG_COM_IRQHandler
 *fill*         0x000000000800178e        0x2 
 .text.startup  0x0000000008001790       0x18 /usr/lib/gcc/arm-none-eabi/6.3.1/../../../arm-none-eabi/lib/thumb/v6-m/libc.a(lib_a-__call_atexit.o)
 *(.glue_7)
 .glue_7        0x00000000080017a8        0x0 linker stubs
 *(.glue_7t)
 .glue_7t       0x00000000080017a8        0x0 linker stubs
 *(.eh_frame)
 .eh_frame      0x00000000080017a8        0x0 /usr/lib/gcc/arm-none-eabi/6.3.1/thumb/v6-m/crtbegin.o
 *(.init)
 .init          0x00000000080017a8        0x4 /usr/lib/gcc/arm-none-eabi/6.3.1/thumb/v6-m/crti.o
                0x00000000080017a8                _init
 .init          0x00000000080017ac        0x8 /usr/lib/gcc/arm-none-eabi/6.3.1/thumb/v6-m/crtn.o
 *(.fini)
 .fini          0x00000000080017b4        0x4 /usr/lib/gcc/arm-none-eabi/6.3.1/thumb/v6-m/crti.o
                0x00000000080017b4                _fini
 .fini          0x00000000080017b8        0x8 /usr/lib/gcc/arm-none-eabi/6.3.1/thumb/v6-m/crtn.o
                0x00000000080017c0                . = ALIGN (0x4)
                0x00000000080017c0                _etext = .

.vfp11_veneer   0x00000000080017c0        0x0
 .vfp11_veneer  0x00000000080017c0        0x0 linker stubs

.v4_bx          0x00000000080017c0        0x0
 .v4_bx         0x00000000080017c0        0x0 linker stubs

.iplt           0x00000000080017c0        0x0
 .iplt          0x00000000080017c0        0x0 /usr/lib/gcc/arm-none-eabi/6.3.1/thumb/v6-m/crtbegin.o

.rodata         0x00000000080017c0       0x38
                0x00000000080017c0                . = ALIGN (0x4)
 *(.rodata)
 .rodata        0x00000000080017c0       0x20 build/stm32f0xx_hal_rcc.o
 .rodata        0x00000000080017e0        0x4 /usr/lib/gcc/arm-none-eabi/6.3.1/../../../arm-none-eabi/lib/thumb/v6-m/libc.a(lib_a-impure.o)
                0x00000000080017e0                _global_impure_ptr
 *(.rodata*)
 .rodata.AHBPrescTable
                0x00000000080017e4       0x10 build/system_stm32f0xx.o
                0x00000000080017e4                AHBPrescTable
 .rodata.str1.4
                0x00000000080017f4        0x4 /usr/lib/gcc/arm-none-eabi/6.3.1/../../../arm-none-eabi/lib/thumb/v6-m/libc.a(lib_a-impure.o)
                                          0x2 (size before relaxing)
                0x00000000080017f8                . = ALIGN (0x4)

.rel.dyn        0x00000000080017f8        0x0
 .rel.iplt      0x00000000080017f8        0x0 /usr/lib/gcc/arm-none-eabi/6.3.1/thumb/v6-m/crtbegin.o

.ARM.extab
 *(.ARM.extab* .gnu.linkonce.armextab.*)

.ARM            0x00000000080017f8        0x0
                0x00000000080017f8                __exidx_start = .
 *(.ARM.exidx*)
                0x00000000080017f8                __exidx_end = .

.preinit_array  0x00000000080017f8        0x0
                0x00000000080017f8                PROVIDE (__preinit_array_start, .)
 *(.preinit_array*)
                0x00000000080017f8                PROVIDE (__preinit_array_end, .)

.init_array     0x00000000080017f8        0x8
                0x00000000080017f8                PROVIDE (__init_array_start, .)
 *(SORT(.init_array.*))
 .init_array.00000
                0x00000000080017f8        0x4 /usr/lib/gcc/arm-none-eabi/6.3.1/../../../arm-none-eabi/lib/thumb/v6-m/libc.a(lib_a-__call_atexit.o)
 *(.init_array*)
 .init_array    0x00000000080017fc        0x4 /usr/lib/gcc/arm-none-eabi/6.3.1/thumb/v6-m/crtbegin.o
                0x0000000008001800                PROVIDE (__init_array_end, .)

.fini_array     0x0000000008001800        0x4
                0x0000000008001800                PROVIDE (__fini_array_start, .)
 *(SORT(.fini_array.*))
 *(.fini_array*)
 .fini_array    0x0000000008001800        0x4 /usr/lib/gcc/arm-none-eabi/6.3.1/thumb/v6-m/crtbegin.o
                0x0000000008001804                PROVIDE (__fini_array_end, .)
                0x0000000008001804                _sidata = LOADADDR (.data)

.data           0x0000000020000000      0x43c load address 0x0000000008001804
                0x0000000020000000                . = ALIGN (0x4)
                0x0000000020000000                _sdata = .
 *(.data)
 .data          0x0000000020000000      0x430 /usr/lib/gcc/arm-none-eabi/6.3.1/../../../arm-none-eabi/lib/thumb/v6-m/libc.a(lib_a-impure.o)
                0x0000000020000000                _impure_ptr
 *(.data*)
 .data.uwTickFreq
                0x0000000020000430        0x1 build/stm32f0xx_hal.o
                0x0000000020000430                uwTickFreq
 *fill*         0x0000000020000431        0x3 
 .data.uwTickPrio
                0x0000000020000434        0x4 build/stm32f0xx_hal.o
                0x0000000020000434                uwTickPrio
 .data.SystemCoreClock
                0x0000000020000438        0x4 build/system_stm32f0xx.o
                0x0000000020000438                SystemCoreClock
                0x000000002000043c                . = ALIGN (0x4)
                0x000000002000043c                _edata = .

.jcr            0x000000002000043c        0x0 load address 0x0000000008001c40
 .jcr           0x000000002000043c        0x0 /usr/lib/gcc/arm-none-eabi/6.3.1/thumb/v6-m/crtbegin.o

.tm_clone_table
                0x000000002000043c        0x0 load address 0x0000000008001c40
 .tm_clone_table
                0x000000002000043c        0x0 /usr/lib/gcc/arm-none-eabi/6.3.1/thumb/v6-m/crtbegin.o
 .tm_clone_table
                0x000000002000043c        0x0 /usr/lib/gcc/arm-none-eabi/6.3.1/thumb/v6-m/crtend.o

.igot.plt       0x000000002000043c        0x0 load address 0x0000000008001c40
 .igot.plt      0x000000002000043c        0x0 /usr/lib/gcc/arm-none-eabi/6.3.1/thumb/v6-m/crtbegin.o
                0x000000002000043c                . = ALIGN (0x4)

.bss            0x000000002000043c       0xac load address 0x0000000008001c40
                0x000000002000043c                _sbss = .
                0x000000002000043c                __bss_start__ = _sbss
 *(.bss)
 .bss           0x000000002000043c       0x1c /usr/lib/gcc/arm-none-eabi/6.3.1/thumb/v6-m/crtbegin.o
 *(.bss*)
 .bss.leds      0x0000000020000458       0x20 build/blinkt.o
                0x0000000020000458                leds
 *(COMMON)
 COMMON         0x0000000020000478        0x4 build/stm32f0xx_hal.o
                0x0000000020000478                uwTick
 COMMON         0x000000002000047c        0x5 build/blinkt.o
                0x000000002000047c                x
                0x0000000020000480                spi_data
 *fill*         0x0000000020000481        0x3 
 COMMON         0x0000000020000484       0x64 build/spi.o
                0x0000000020000484                hspi1
                0x00000000200004e8                . = ALIGN (0x4)
                0x00000000200004e8                _ebss = .
                0x00000000200004e8                __bss_end__ = _ebss

._user_heap_stack
                0x00000000200004e8      0x600 load address 0x0000000008001c40
                0x00000000200004e8                . = ALIGN (0x8)
                [!provide]                        PROVIDE (end, .)
                [!provide]                        PROVIDE (_end, .)
                0x00000000200006e8                . = (. + _Min_Heap_Size)
 *fill*         0x00000000200004e8      0x200 
                0x0000000020000ae8                . = (. + _Min_Stack_Size)
 *fill*         0x00000000200006e8      0x400 
                0x0000000020000ae8                . = ALIGN (0x8)

/DISCARD/
 libc.a(*)
 libm.a(*)
 libgcc.a(*)

.ARM.attributes
                0x0000000000000000       0x28
 *(.ARM.attributes)
 .ARM.attributes
                0x0000000000000000       0x1e /usr/lib/gcc/arm-none-eabi/6.3.1/thumb/v6-m/crti.o
 .ARM.attributes
                0x000000000000001e       0x2c /usr/lib/gcc/arm-none-eabi/6.3.1/thumb/v6-m/crtbegin.o
 .ARM.attributes
                0x000000000000004a       0x31 build/stm32f0xx_hal.o
 .ARM.attributes
                0x000000000000007b       0x31 build/stm32f0xx_hal_cortex.o
 .ARM.attributes
                0x00000000000000ac       0x31 build/stm32f0xx_hal_gpio.o
 .ARM.attributes
                0x00000000000000dd       0x31 build/stm32f0xx_hal_rcc.o
 .ARM.attributes
                0x000000000000010e       0x31 build/stm32f0xx_hal_spi.o
 .ARM.attributes
                0x000000000000013f       0x31 build/blinkt.o
 .ARM.attributes
                0x0000000000000170       0x31 build/gpio.o
 .ARM.attributes
                0x00000000000001a1       0x31 build/main.o
 .ARM.attributes
                0x00000000000001d2       0x31 build/spi.o
 .ARM.attributes
                0x0000000000000203       0x31 build/stm32f0xx_hal_msp.o
 .ARM.attributes
                0x0000000000000234       0x31 build/stm32f0xx_it.o
 .ARM.attributes
                0x0000000000000265       0x31 build/system_stm32f0xx.o
 .ARM.attributes
                0x0000000000000296       0x21 build/startup_stm32f091xc.o
 .ARM.attributes
                0x00000000000002b7       0x2c /usr/lib/gcc/arm-none-eabi/6.3.1/../../../arm-none-eabi/lib/thumb/v6-m/libc.a(lib_a-atexit.o)
 .ARM.attributes
                0x00000000000002e3       0x2c /usr/lib/gcc/arm-none-eabi/6.3.1/../../../arm-none-eabi/lib/thumb/v6-m/libc.a(lib_a-fini.o)
 .ARM.attributes
                0x000000000000030f       0x2c /usr/lib/gcc/arm-none-eabi/6.3.1/../../../arm-none-eabi/lib/thumb/v6-m/libc.a(lib_a-impure.o)
 .ARM.attributes
                0x000000000000033b       0x2c /usr/lib/gcc/arm-none-eabi/6.3.1/../../../arm-none-eabi/lib/thumb/v6-m/libc.a(lib_a-init.o)
 .ARM.attributes
                0x0000000000000367       0x2c /usr/lib/gcc/arm-none-eabi/6.3.1/../../../arm-none-eabi/lib/thumb/v6-m/libc.a(lib_a-memset.o)
 .ARM.attributes
                0x0000000000000393       0x2c /usr/lib/gcc/arm-none-eabi/6.3.1/../../../arm-none-eabi/lib/thumb/v6-m/libc.a(lib_a-__atexit.o)
 .ARM.attributes
                0x00000000000003bf       0x2c /usr/lib/gcc/arm-none-eabi/6.3.1/../../../arm-none-eabi/lib/thumb/v6-m/libc.a(lib_a-__call_atexit.o)
 .ARM.attributes
                0x00000000000003eb       0x1e /usr/lib/gcc/arm-none-eabi/6.3.1/thumb/v6-m/libgcc.a(_udivsi3.o)
 .ARM.attributes
                0x0000000000000409       0x1e /usr/lib/gcc/arm-none-eabi/6.3.1/thumb/v6-m/libgcc.a(_dvmd_tls.o)
 .ARM.attributes
                0x0000000000000427       0x2c /usr/lib/gcc/arm-none-eabi/6.3.1/thumb/v6-m/crtend.o
 .ARM.attributes
                0x0000000000000453       0x1e /usr/lib/gcc/arm-none-eabi/6.3.1/thumb/v6-m/crtn.o
OUTPUT(build/blinkt.elf elf32-littlearm)

.comment        0x0000000000000000       0x31
 .comment       0x0000000000000000       0x31 /usr/lib/gcc/arm-none-eabi/6.3.1/thumb/v6-m/crtbegin.o
                                         0x32 (size before relaxing)
 .comment       0x0000000000000031       0x32 build/stm32f0xx_hal.o
 .comment       0x0000000000000031       0x32 build/stm32f0xx_hal_cortex.o
 .comment       0x0000000000000031       0x32 build/stm32f0xx_hal_gpio.o
 .comment       0x0000000000000031       0x32 build/stm32f0xx_hal_rcc.o
 .comment       0x0000000000000031       0x32 build/stm32f0xx_hal_spi.o
 .comment       0x0000000000000031       0x32 build/blinkt.o
 .comment       0x0000000000000031       0x32 build/gpio.o
 .comment       0x0000000000000031       0x32 build/main.o
 .comment       0x0000000000000031       0x32 build/spi.o
 .comment       0x0000000000000031       0x32 build/stm32f0xx_hal_msp.o
 .comment       0x0000000000000031       0x32 build/stm32f0xx_it.o
 .comment       0x0000000000000031       0x32 build/system_stm32f0xx.o
 .comment       0x0000000000000031       0x32 /usr/lib/gcc/arm-none-eabi/6.3.1/../../../arm-none-eabi/lib/thumb/v6-m/libc.a(lib_a-atexit.o)
 .comment       0x0000000000000031       0x32 /usr/lib/gcc/arm-none-eabi/6.3.1/../../../arm-none-eabi/lib/thumb/v6-m/libc.a(lib_a-fini.o)
 .comment       0x0000000000000031       0x32 /usr/lib/gcc/arm-none-eabi/6.3.1/../../../arm-none-eabi/lib/thumb/v6-m/libc.a(lib_a-impure.o)
 .comment       0x0000000000000031       0x32 /usr/lib/gcc/arm-none-eabi/6.3.1/../../../arm-none-eabi/lib/thumb/v6-m/libc.a(lib_a-init.o)
 .comment       0x0000000000000031       0x32 /usr/lib/gcc/arm-none-eabi/6.3.1/../../../arm-none-eabi/lib/thumb/v6-m/libc.a(lib_a-memset.o)
 .comment       0x0000000000000031       0x32 /usr/lib/gcc/arm-none-eabi/6.3.1/../../../arm-none-eabi/lib/thumb/v6-m/libc.a(lib_a-__atexit.o)
 .comment       0x0000000000000031       0x32 /usr/lib/gcc/arm-none-eabi/6.3.1/../../../arm-none-eabi/lib/thumb/v6-m/libc.a(lib_a-__call_atexit.o)
 .comment       0x0000000000000031       0x32 /usr/lib/gcc/arm-none-eabi/6.3.1/thumb/v6-m/crtend.o

.debug_info     0x0000000000000000     0xa1ec
 .debug_info    0x0000000000000000      0x7f2 build/stm32f0xx_hal.o
 .debug_info    0x00000000000007f2      0x8b6 build/stm32f0xx_hal_cortex.o
 .debug_info    0x00000000000010a8      0x74c build/stm32f0xx_hal_gpio.o
 .debug_info    0x00000000000017f4      0xae2 build/stm32f0xx_hal_rcc.o
 .debug_info    0x00000000000022d6     0x1ff7 build/stm32f0xx_hal_spi.o
 .debug_info    0x00000000000042cd      0xbb1 build/blinkt.o
 .debug_info    0x0000000000004e7e      0x4fa build/gpio.o
 .debug_info    0x0000000000005378      0xb09 build/main.o
 .debug_info    0x0000000000005e81      0xa61 build/spi.o
 .debug_info    0x00000000000068e2      0x291 build/stm32f0xx_hal_msp.o
 .debug_info    0x0000000000006b73      0x1e5 build/stm32f0xx_it.o
 .debug_info    0x0000000000006d58      0x2d9 build/system_stm32f0xx.o
 .debug_info    0x0000000000007031       0x60 build/startup_stm32f091xc.o
 .debug_info    0x0000000000007091      0x907 /usr/lib/gcc/arm-none-eabi/6.3.1/../../../arm-none-eabi/lib/thumb/v6-m/libc.a(lib_a-atexit.o)
 .debug_info    0x0000000000007998       0xfa /usr/lib/gcc/arm-none-eabi/6.3.1/../../../arm-none-eabi/lib/thumb/v6-m/libc.a(lib_a-fini.o)
 .debug_info    0x0000000000007a92      0x8a5 /usr/lib/gcc/arm-none-eabi/6.3.1/../../../arm-none-eabi/lib/thumb/v6-m/libc.a(lib_a-impure.o)
 .debug_info    0x0000000000008337      0x110 /usr/lib/gcc/arm-none-eabi/6.3.1/../../../arm-none-eabi/lib/thumb/v6-m/libc.a(lib_a-init.o)
 .debug_info    0x0000000000008447      0x91b /usr/lib/gcc/arm-none-eabi/6.3.1/../../../arm-none-eabi/lib/thumb/v6-m/libc.a(lib_a-memset.o)
 .debug_info    0x0000000000008d62      0x950 /usr/lib/gcc/arm-none-eabi/6.3.1/../../../arm-none-eabi/lib/thumb/v6-m/libc.a(lib_a-__atexit.o)
 .debug_info    0x00000000000096b2      0x9bc /usr/lib/gcc/arm-none-eabi/6.3.1/../../../arm-none-eabi/lib/thumb/v6-m/libc.a(lib_a-__call_atexit.o)
 .debug_info    0x000000000000a06e       0xbf /usr/lib/gcc/arm-none-eabi/6.3.1/thumb/v6-m/libgcc.a(_udivsi3.o)
 .debug_info    0x000000000000a12d       0xbf /usr/lib/gcc/arm-none-eabi/6.3.1/thumb/v6-m/libgcc.a(_dvmd_tls.o)

.debug_abbrev   0x0000000000000000     0x2223
 .debug_abbrev  0x0000000000000000      0x207 build/stm32f0xx_hal.o
 .debug_abbrev  0x0000000000000207      0x277 build/stm32f0xx_hal_cortex.o
 .debug_abbrev  0x000000000000047e      0x21e build/stm32f0xx_hal_gpio.o
 .debug_abbrev  0x000000000000069c      0x267 build/stm32f0xx_hal_rcc.o
 .debug_abbrev  0x0000000000000903      0x2a0 build/stm32f0xx_hal_spi.o
 .debug_abbrev  0x0000000000000ba3      0x2a2 build/blinkt.o
 .debug_abbrev  0x0000000000000e45      0x180 build/gpio.o
 .debug_abbrev  0x0000000000000fc5      0x1f4 build/main.o
 .debug_abbrev  0x00000000000011b9      0x1d6 build/spi.o
 .debug_abbrev  0x000000000000138f      0x106 build/stm32f0xx_hal_msp.o
 .debug_abbrev  0x0000000000001495       0xe2 build/stm32f0xx_it.o
 .debug_abbrev  0x0000000000001577      0x128 build/system_stm32f0xx.o
 .debug_abbrev  0x000000000000169f       0x12 build/startup_stm32f091xc.o
 .debug_abbrev  0x00000000000016b1      0x1f3 /usr/lib/gcc/arm-none-eabi/6.3.1/../../../arm-none-eabi/lib/thumb/v6-m/libc.a(lib_a-atexit.o)
 .debug_abbrev  0x00000000000018a4       0xba /usr/lib/gcc/arm-none-eabi/6.3.1/../../../arm-none-eabi/lib/thumb/v6-m/libc.a(lib_a-fini.o)
 .debug_abbrev  0x000000000000195e      0x189 /usr/lib/gcc/arm-none-eabi/6.3.1/../../../arm-none-eabi/lib/thumb/v6-m/libc.a(lib_a-impure.o)
 .debug_abbrev  0x0000000000001ae7       0xba /usr/lib/gcc/arm-none-eabi/6.3.1/../../../arm-none-eabi/lib/thumb/v6-m/libc.a(lib_a-init.o)
 .debug_abbrev  0x0000000000001ba1      0x1cd /usr/lib/gcc/arm-none-eabi/6.3.1/../../../arm-none-eabi/lib/thumb/v6-m/libc.a(lib_a-memset.o)
 .debug_abbrev  0x0000000000001d6e      0x220 /usr/lib/gcc/arm-none-eabi/6.3.1/../../../arm-none-eabi/lib/thumb/v6-m/libc.a(lib_a-__atexit.o)
 .debug_abbrev  0x0000000000001f8e      0x26d /usr/lib/gcc/arm-none-eabi/6.3.1/../../../arm-none-eabi/lib/thumb/v6-m/libc.a(lib_a-__call_atexit.o)
 .debug_abbrev  0x00000000000021fb       0x14 /usr/lib/gcc/arm-none-eabi/6.3.1/thumb/v6-m/libgcc.a(_udivsi3.o)
 .debug_abbrev  0x000000000000220f       0x14 /usr/lib/gcc/arm-none-eabi/6.3.1/thumb/v6-m/libgcc.a(_dvmd_tls.o)

.debug_loc      0x0000000000000000     0x3ebe
 .debug_loc     0x0000000000000000      0x1b0 build/stm32f0xx_hal.o
 .debug_loc     0x00000000000001b0      0x3f7 build/stm32f0xx_hal_cortex.o
 .debug_loc     0x00000000000005a7      0x3ab build/stm32f0xx_hal_gpio.o
 .debug_loc     0x0000000000000952      0x605 build/stm32f0xx_hal_rcc.o
 .debug_loc     0x0000000000000f57     0x228d build/stm32f0xx_hal_spi.o
 .debug_loc     0x00000000000031e4      0x3fb build/blinkt.o
 .debug_loc     0x00000000000035df       0x2d build/gpio.o
 .debug_loc     0x000000000000360c       0x4d build/main.o
 .debug_loc     0x0000000000003659       0xdd build/spi.o
 .debug_loc     0x0000000000003736       0x20 build/stm32f0xx_hal_msp.o
 .debug_loc     0x0000000000003756       0x20 build/stm32f0xx_it.o
 .debug_loc     0x0000000000003776      0x11e build/system_stm32f0xx.o
 .debug_loc     0x0000000000003894       0x2c /usr/lib/gcc/arm-none-eabi/6.3.1/../../../arm-none-eabi/lib/thumb/v6-m/libc.a(lib_a-atexit.o)
 .debug_loc     0x00000000000038c0       0x3e /usr/lib/gcc/arm-none-eabi/6.3.1/../../../arm-none-eabi/lib/thumb/v6-m/libc.a(lib_a-fini.o)
 .debug_loc     0x00000000000038fe       0x84 /usr/lib/gcc/arm-none-eabi/6.3.1/../../../arm-none-eabi/lib/thumb/v6-m/libc.a(lib_a-init.o)
 .debug_loc     0x0000000000003982      0x1a4 /usr/lib/gcc/arm-none-eabi/6.3.1/../../../arm-none-eabi/lib/thumb/v6-m/libc.a(lib_a-memset.o)
 .debug_loc     0x0000000000003b26      0x1c5 /usr/lib/gcc/arm-none-eabi/6.3.1/../../../arm-none-eabi/lib/thumb/v6-m/libc.a(lib_a-__atexit.o)
 .debug_loc     0x0000000000003ceb      0x1d3 /usr/lib/gcc/arm-none-eabi/6.3.1/../../../arm-none-eabi/lib/thumb/v6-m/libc.a(lib_a-__call_atexit.o)

.debug_aranges  0x0000000000000000      0x6b0
 .debug_aranges
                0x0000000000000000       0xd0 build/stm32f0xx_hal.o
 .debug_aranges
                0x00000000000000d0       0x78 build/stm32f0xx_hal_cortex.o
 .debug_aranges
                0x0000000000000148       0x58 build/stm32f0xx_hal_gpio.o
 .debug_aranges
                0x00000000000001a0       0x80 build/stm32f0xx_hal_rcc.o
 .debug_aranges
                0x0000000000000220      0x1d8 build/stm32f0xx_hal_spi.o
 .debug_aranges
                0x00000000000003f8       0x68 build/blinkt.o
 .debug_aranges
                0x0000000000000460       0x20 build/gpio.o
 .debug_aranges
                0x0000000000000480       0x30 build/main.o
 .debug_aranges
                0x00000000000004b0       0x30 build/spi.o
 .debug_aranges
                0x00000000000004e0       0x20 build/stm32f0xx_hal_msp.o
 .debug_aranges
                0x0000000000000500       0x40 build/stm32f0xx_it.o
 .debug_aranges
                0x0000000000000540       0x28 build/system_stm32f0xx.o
 .debug_aranges
                0x0000000000000568       0x28 build/startup_stm32f091xc.o
 .debug_aranges
                0x0000000000000590       0x20 /usr/lib/gcc/arm-none-eabi/6.3.1/../../../arm-none-eabi/lib/thumb/v6-m/libc.a(lib_a-atexit.o)
 .debug_aranges
                0x00000000000005b0       0x20 /usr/lib/gcc/arm-none-eabi/6.3.1/../../../arm-none-eabi/lib/thumb/v6-m/libc.a(lib_a-fini.o)
 .debug_aranges
                0x00000000000005d0       0x18 /usr/lib/gcc/arm-none-eabi/6.3.1/../../../arm-none-eabi/lib/thumb/v6-m/libc.a(lib_a-impure.o)
 .debug_aranges
                0x00000000000005e8       0x20 /usr/lib/gcc/arm-none-eabi/6.3.1/../../../arm-none-eabi/lib/thumb/v6-m/libc.a(lib_a-init.o)
 .debug_aranges
                0x0000000000000608       0x20 /usr/lib/gcc/arm-none-eabi/6.3.1/../../../arm-none-eabi/lib/thumb/v6-m/libc.a(lib_a-memset.o)
 .debug_aranges
                0x0000000000000628       0x20 /usr/lib/gcc/arm-none-eabi/6.3.1/../../../arm-none-eabi/lib/thumb/v6-m/libc.a(lib_a-__atexit.o)
 .debug_aranges
                0x0000000000000648       0x28 /usr/lib/gcc/arm-none-eabi/6.3.1/../../../arm-none-eabi/lib/thumb/v6-m/libc.a(lib_a-__call_atexit.o)
 .debug_aranges
                0x0000000000000670       0x20 /usr/lib/gcc/arm-none-eabi/6.3.1/thumb/v6-m/libgcc.a(_udivsi3.o)
 .debug_aranges
                0x0000000000000690       0x20 /usr/lib/gcc/arm-none-eabi/6.3.1/thumb/v6-m/libgcc.a(_dvmd_tls.o)

.debug_ranges   0x0000000000000000      0x588
 .debug_ranges  0x0000000000000000       0xc0 build/stm32f0xx_hal.o
 .debug_ranges  0x00000000000000c0       0xc8 build/stm32f0xx_hal_cortex.o
 .debug_ranges  0x0000000000000188       0x48 build/stm32f0xx_hal_gpio.o
 .debug_ranges  0x00000000000001d0       0x88 build/stm32f0xx_hal_rcc.o
 .debug_ranges  0x0000000000000258      0x1c8 build/stm32f0xx_hal_spi.o
 .debug_ranges  0x0000000000000420       0x58 build/blinkt.o
 .debug_ranges  0x0000000000000478       0x10 build/gpio.o
 .debug_ranges  0x0000000000000488       0x20 build/main.o
 .debug_ranges  0x00000000000004a8       0x20 build/spi.o
 .debug_ranges  0x00000000000004c8       0x10 build/stm32f0xx_hal_msp.o
 .debug_ranges  0x00000000000004d8       0x30 build/stm32f0xx_it.o
 .debug_ranges  0x0000000000000508       0x18 build/system_stm32f0xx.o
 .debug_ranges  0x0000000000000520       0x20 build/startup_stm32f091xc.o
 .debug_ranges  0x0000000000000540       0x48 /usr/lib/gcc/arm-none-eabi/6.3.1/../../../arm-none-eabi/lib/thumb/v6-m/libc.a(lib_a-__call_atexit.o)

.debug_line     0x0000000000000000     0x2ee3
 .debug_line    0x0000000000000000      0x33b build/stm32f0xx_hal.o
 .debug_line    0x000000000000033b      0x2f4 build/stm32f0xx_hal_cortex.o
 .debug_line    0x000000000000062f      0x2c1 build/stm32f0xx_hal_gpio.o
 .debug_line    0x00000000000008f0      0x45e build/stm32f0xx_hal_rcc.o
 .debug_line    0x0000000000000d4e      0xcc7 build/stm32f0xx_hal_spi.o
 .debug_line    0x0000000000001a15      0x278 build/blinkt.o
 .debug_line    0x0000000000001c8d      0x142 build/gpio.o
 .debug_line    0x0000000000001dcf      0x1e5 build/main.o
 .debug_line    0x0000000000001fb4      0x1cf build/spi.o
 .debug_line    0x0000000000002183      0x125 build/stm32f0xx_hal_msp.o
 .debug_line    0x00000000000022a8      0x151 build/stm32f0xx_it.o
 .debug_line    0x00000000000023f9      0x150 build/system_stm32f0xx.o
 .debug_line    0x0000000000002549       0x77 build/startup_stm32f091xc.o
 .debug_line    0x00000000000025c0      0x153 /usr/lib/gcc/arm-none-eabi/6.3.1/../../../arm-none-eabi/lib/thumb/v6-m/libc.a(lib_a-atexit.o)
 .debug_line    0x0000000000002713       0x9f /usr/lib/gcc/arm-none-eabi/6.3.1/../../../arm-none-eabi/lib/thumb/v6-m/libc.a(lib_a-fini.o)
 .debug_line    0x00000000000027b2       0xe9 /usr/lib/gcc/arm-none-eabi/6.3.1/../../../arm-none-eabi/lib/thumb/v6-m/libc.a(lib_a-impure.o)
 .debug_line    0x000000000000289b       0xc3 /usr/lib/gcc/arm-none-eabi/6.3.1/../../../arm-none-eabi/lib/thumb/v6-m/libc.a(lib_a-init.o)
 .debug_line    0x000000000000295e      0x16d /usr/lib/gcc/arm-none-eabi/6.3.1/../../../arm-none-eabi/lib/thumb/v6-m/libc.a(lib_a-memset.o)
 .debug_line    0x0000000000002acb      0x18f /usr/lib/gcc/arm-none-eabi/6.3.1/../../../arm-none-eabi/lib/thumb/v6-m/libc.a(lib_a-__atexit.o)
 .debug_line    0x0000000000002c5a      0x1bb /usr/lib/gcc/arm-none-eabi/6.3.1/../../../arm-none-eabi/lib/thumb/v6-m/libc.a(lib_a-__call_atexit.o)
 .debug_line    0x0000000000002e15       0x6d /usr/lib/gcc/arm-none-eabi/6.3.1/thumb/v6-m/libgcc.a(_udivsi3.o)
 .debug_line    0x0000000000002e82       0x61 /usr/lib/gcc/arm-none-eabi/6.3.1/thumb/v6-m/libgcc.a(_dvmd_tls.o)

.debug_str      0x0000000000000000     0x21a9
 .debug_str     0x0000000000000000      0x678 build/stm32f0xx_hal.o
                                        0x6d9 (size before relaxing)
 .debug_str     0x0000000000000678      0x292 build/stm32f0xx_hal_cortex.o
                                        0x6c3 (size before relaxing)
 .debug_str     0x000000000000090a      0x1d4 build/stm32f0xx_hal_gpio.o
                                        0x48b (size before relaxing)
 .debug_str     0x0000000000000ade      0x31e build/stm32f0xx_hal_rcc.o
                                        0x68b (size before relaxing)
 .debug_str     0x0000000000000dfc      0x936 build/stm32f0xx_hal_spi.o
                                        0xc13 (size before relaxing)
 .debug_str     0x0000000000001732       0xf4 build/blinkt.o
                                        0x70d (size before relaxing)
 .debug_str     0x0000000000001826       0x2f build/gpio.o
                                        0x32e (size before relaxing)
 .debug_str     0x0000000000001855       0x4d build/main.o
                                        0x81e (size before relaxing)
 .debug_str     0x00000000000018a2       0x14 build/spi.o
                                        0x75b (size before relaxing)
 .debug_str     0x00000000000018b6       0x18 build/stm32f0xx_hal_msp.o
                                        0x276 (size before relaxing)
 .debug_str     0x00000000000018ce       0x5c build/stm32f0xx_it.o
                                        0x260 (size before relaxing)
 .debug_str     0x000000000000192a       0x57 build/system_stm32f0xx.o
                                        0x2a2 (size before relaxing)
 .debug_str     0x0000000000001981      0x4df /usr/lib/gcc/arm-none-eabi/6.3.1/../../../arm-none-eabi/lib/thumb/v6-m/libc.a(lib_a-atexit.o)
                                        0x5b1 (size before relaxing)
 .debug_str     0x0000000000001e60       0xc5 /usr/lib/gcc/arm-none-eabi/6.3.1/../../../arm-none-eabi/lib/thumb/v6-m/libc.a(lib_a-fini.o)
                                        0x1ca (size before relaxing)
 .debug_str     0x0000000000001f25       0x98 /usr/lib/gcc/arm-none-eabi/6.3.1/../../../arm-none-eabi/lib/thumb/v6-m/libc.a(lib_a-impure.o)
                                        0x566 (size before relaxing)
 .debug_str     0x0000000000001fbd       0x93 /usr/lib/gcc/arm-none-eabi/6.3.1/../../../arm-none-eabi/lib/thumb/v6-m/libc.a(lib_a-init.o)
                                        0x1f4 (size before relaxing)
 .debug_str     0x0000000000002050       0xa2 /usr/lib/gcc/arm-none-eabi/6.3.1/../../../arm-none-eabi/lib/thumb/v6-m/libc.a(lib_a-memset.o)
                                        0x57e (size before relaxing)
 .debug_str     0x00000000000020f2       0x41 /usr/lib/gcc/arm-none-eabi/6.3.1/../../../arm-none-eabi/lib/thumb/v6-m/libc.a(lib_a-__atexit.o)
                                        0x5cb (size before relaxing)
 .debug_str     0x0000000000002133       0x76 /usr/lib/gcc/arm-none-eabi/6.3.1/../../../arm-none-eabi/lib/thumb/v6-m/libc.a(lib_a-__call_atexit.o)
                                        0x5dc (size before relaxing)

.debug_frame    0x0000000000000000      0xf48
 .debug_frame   0x0000000000000000      0x1c0 build/stm32f0xx_hal.o
 .debug_frame   0x00000000000001c0       0xec build/stm32f0xx_hal_cortex.o
 .debug_frame   0x00000000000002ac       0xd8 build/stm32f0xx_hal_gpio.o
 .debug_frame   0x0000000000000384      0x15c build/stm32f0xx_hal_rcc.o
 .debug_frame   0x00000000000004e0      0x624 build/stm32f0xx_hal_spi.o
 .debug_frame   0x0000000000000b04      0x124 build/blinkt.o
 .debug_frame   0x0000000000000c28       0x38 build/gpio.o
 .debug_frame   0x0000000000000c60       0x58 build/main.o
 .debug_frame   0x0000000000000cb8       0x64 build/spi.o
 .debug_frame   0x0000000000000d1c       0x24 build/stm32f0xx_hal_msp.o
 .debug_frame   0x0000000000000d40       0x6c build/stm32f0xx_it.o
 .debug_frame   0x0000000000000dac       0x3c build/system_stm32f0xx.o
 .debug_frame   0x0000000000000de8       0x28 /usr/lib/gcc/arm-none-eabi/6.3.1/../../../arm-none-eabi/lib/thumb/v6-m/libc.a(lib_a-atexit.o)
 .debug_frame   0x0000000000000e10       0x2c /usr/lib/gcc/arm-none-eabi/6.3.1/../../../arm-none-eabi/lib/thumb/v6-m/libc.a(lib_a-fini.o)
 .debug_frame   0x0000000000000e3c       0x2c /usr/lib/gcc/arm-none-eabi/6.3.1/../../../arm-none-eabi/lib/thumb/v6-m/libc.a(lib_a-init.o)
 .debug_frame   0x0000000000000e68       0x30 /usr/lib/gcc/arm-none-eabi/6.3.1/../../../arm-none-eabi/lib/thumb/v6-m/libc.a(lib_a-memset.o)
 .debug_frame   0x0000000000000e98       0x3c /usr/lib/gcc/arm-none-eabi/6.3.1/../../../arm-none-eabi/lib/thumb/v6-m/libc.a(lib_a-__atexit.o)
 .debug_frame   0x0000000000000ed4       0x54 /usr/lib/gcc/arm-none-eabi/6.3.1/../../../arm-none-eabi/lib/thumb/v6-m/libc.a(lib_a-__call_atexit.o)
 .debug_frame   0x0000000000000f28       0x20 /usr/lib/gcc/arm-none-eabi/6.3.1/thumb/v6-m/libgcc.a(_udivsi3.o)

Cross Reference Table

Symbol                                            File
ADC1_COMP_IRQHandler                              build/startup_stm32f091xc.o
AHBPrescTable                                     build/system_stm32f0xx.o
                                                  build/stm32f0xx_hal_rcc.o
APBPrescTable                                     build/system_stm32f0xx.o
                                                  build/stm32f0xx_hal_rcc.o
CEC_CAN_IRQHandler                                build/startup_stm32f091xc.o
DMA1_Ch1_IRQHandler                               build/startup_stm32f091xc.o
DMA1_Ch2_3_DMA2_Ch1_2_IRQHandler                  build/startup_stm32f091xc.o
DMA1_Ch4_7_DMA2_Ch3_5_IRQHandler                  build/startup_stm32f091xc.o
Default_Handler                                   build/startup_stm32f091xc.o
EXTI0_1_IRQHandler                                build/startup_stm32f091xc.o
EXTI2_3_IRQHandler                                build/startup_stm32f091xc.o
EXTI4_15_IRQHandler                               build/startup_stm32f091xc.o
Error_Handler                                     build/main.o
                                                  build/spi.o
FLASH_IRQHandler                                  build/startup_stm32f091xc.o
FLASH_PageErase                                   build/stm32f0xx_hal_flash_ex.o
                                                  build/stm32f0xx_hal_flash.o
FLASH_WaitForLastOperation                        build/stm32f0xx_hal_flash.o
                                                  build/stm32f0xx_hal_flash_ex.o
HAL_DBGMCU_DisableDBGStandbyMode                  build/stm32f0xx_hal.o
HAL_DBGMCU_DisableDBGStopMode                     build/stm32f0xx_hal.o
HAL_DBGMCU_EnableDBGStandbyMode                   build/stm32f0xx_hal.o
HAL_DBGMCU_EnableDBGStopMode                      build/stm32f0xx_hal.o
HAL_DMA_Abort                                     build/stm32f0xx_hal_dma.o
                                                  build/stm32f0xx_hal_spi.o
HAL_DMA_Abort_IT                                  build/stm32f0xx_hal_dma.o
                                                  build/stm32f0xx_hal_spi.o
                                                  build/stm32f0xx_hal_i2c.o
HAL_DMA_DeInit                                    build/stm32f0xx_hal_dma.o
HAL_DMA_GetError                                  build/stm32f0xx_hal_dma.o
HAL_DMA_GetState                                  build/stm32f0xx_hal_dma.o
HAL_DMA_IRQHandler                                build/stm32f0xx_hal_dma.o
HAL_DMA_Init                                      build/stm32f0xx_hal_dma.o
HAL_DMA_PollForTransfer                           build/stm32f0xx_hal_dma.o
HAL_DMA_RegisterCallback                          build/stm32f0xx_hal_dma.o
HAL_DMA_Start                                     build/stm32f0xx_hal_dma.o
HAL_DMA_Start_IT                                  build/stm32f0xx_hal_dma.o
                                                  build/stm32f0xx_hal_spi.o
                                                  build/stm32f0xx_hal_i2c.o
HAL_DMA_UnRegisterCallback                        build/stm32f0xx_hal_dma.o
HAL_DeInit                                        build/stm32f0xx_hal.o
HAL_Delay                                         build/stm32f0xx_hal.o
                                                  build/main.o
HAL_EXTI_ClearConfigLine                          build/stm32f0xx_hal_exti.o
HAL_EXTI_ClearPending                             build/stm32f0xx_hal_exti.o
HAL_EXTI_GenerateSWI                              build/stm32f0xx_hal_exti.o
HAL_EXTI_GetConfigLine                            build/stm32f0xx_hal_exti.o
HAL_EXTI_GetHandle                                build/stm32f0xx_hal_exti.o
HAL_EXTI_GetPending                               build/stm32f0xx_hal_exti.o
HAL_EXTI_IRQHandler                               build/stm32f0xx_hal_exti.o
HAL_EXTI_RegisterCallback                         build/stm32f0xx_hal_exti.o
HAL_EXTI_SetConfigLine                            build/stm32f0xx_hal_exti.o
HAL_FLASHEx_Erase                                 build/stm32f0xx_hal_flash_ex.o
HAL_FLASHEx_Erase_IT                              build/stm32f0xx_hal_flash_ex.o
HAL_FLASHEx_OBErase                               build/stm32f0xx_hal_flash_ex.o
HAL_FLASHEx_OBGetConfig                           build/stm32f0xx_hal_flash_ex.o
HAL_FLASHEx_OBGetUserData                         build/stm32f0xx_hal_flash_ex.o
HAL_FLASHEx_OBProgram                             build/stm32f0xx_hal_flash_ex.o
HAL_FLASH_EndOfOperationCallback                  build/stm32f0xx_hal_flash.o
HAL_FLASH_GetError                                build/stm32f0xx_hal_flash.o
HAL_FLASH_IRQHandler                              build/stm32f0xx_hal_flash.o
HAL_FLASH_Lock                                    build/stm32f0xx_hal_flash.o
HAL_FLASH_OB_Launch                               build/stm32f0xx_hal_flash.o
HAL_FLASH_OB_Lock                                 build/stm32f0xx_hal_flash.o
HAL_FLASH_OB_Unlock                               build/stm32f0xx_hal_flash.o
HAL_FLASH_OperationErrorCallback                  build/stm32f0xx_hal_flash.o
HAL_FLASH_Program                                 build/stm32f0xx_hal_flash.o
HAL_FLASH_Program_IT                              build/stm32f0xx_hal_flash.o
HAL_FLASH_Unlock                                  build/stm32f0xx_hal_flash.o
HAL_GPIO_DeInit                                   build/stm32f0xx_hal_gpio.o
                                                  build/spi.o
HAL_GPIO_EXTI_Callback                            build/stm32f0xx_hal_gpio.o
HAL_GPIO_EXTI_IRQHandler                          build/stm32f0xx_hal_gpio.o
HAL_GPIO_Init                                     build/stm32f0xx_hal_gpio.o
                                                  build/spi.o
                                                  build/gpio.o
                                                  build/stm32f0xx_hal_rcc.o
HAL_GPIO_LockPin                                  build/stm32f0xx_hal_gpio.o
HAL_GPIO_ReadPin                                  build/stm32f0xx_hal_gpio.o
HAL_GPIO_TogglePin                                build/stm32f0xx_hal_gpio.o
HAL_GPIO_WritePin                                 build/stm32f0xx_hal_gpio.o
                                                  build/gpio.o
HAL_GetDEVID                                      build/stm32f0xx_hal.o
HAL_GetHalVersion                                 build/stm32f0xx_hal.o
HAL_GetREVID                                      build/stm32f0xx_hal.o
HAL_GetTick                                       build/stm32f0xx_hal.o
                                                  build/blinkt.o
                                                  build/stm32f0xx_hal_spi.o
                                                  build/stm32f0xx_hal_rcc_ex.o
                                                  build/stm32f0xx_hal_rcc.o
                                                  build/stm32f0xx_hal_i2c.o
                                                  build/stm32f0xx_hal_flash.o
                                                  build/stm32f0xx_hal_dma.o
HAL_GetTickFreq                                   build/stm32f0xx_hal.o
HAL_GetTickPrio                                   build/stm32f0xx_hal.o
HAL_GetUIDw0                                      build/stm32f0xx_hal.o
HAL_GetUIDw1                                      build/stm32f0xx_hal.o
HAL_GetUIDw2                                      build/stm32f0xx_hal.o
HAL_I2CEx_ConfigAnalogFilter                      build/stm32f0xx_hal_i2c_ex.o
HAL_I2CEx_ConfigDigitalFilter                     build/stm32f0xx_hal_i2c_ex.o
HAL_I2CEx_DisableFastModePlus                     build/stm32f0xx_hal_i2c_ex.o
HAL_I2CEx_DisableWakeUp                           build/stm32f0xx_hal_i2c_ex.o
HAL_I2CEx_EnableFastModePlus                      build/stm32f0xx_hal_i2c_ex.o
HAL_I2CEx_EnableWakeUp                            build/stm32f0xx_hal_i2c_ex.o
HAL_I2C_AbortCpltCallback                         build/stm32f0xx_hal_i2c.o
HAL_I2C_AddrCallback                              build/stm32f0xx_hal_i2c.o
HAL_I2C_DeInit                                    build/stm32f0xx_hal_i2c.o
HAL_I2C_DisableListen_IT                          build/stm32f0xx_hal_i2c.o
HAL_I2C_ER_IRQHandler                             build/stm32f0xx_hal_i2c.o
HAL_I2C_EV_IRQHandler                             build/stm32f0xx_hal_i2c.o
HAL_I2C_EnableListen_IT                           build/stm32f0xx_hal_i2c.o
HAL_I2C_ErrorCallback                             build/stm32f0xx_hal_i2c.o
HAL_I2C_GetError                                  build/stm32f0xx_hal_i2c.o
HAL_I2C_GetMode                                   build/stm32f0xx_hal_i2c.o
HAL_I2C_GetState                                  build/stm32f0xx_hal_i2c.o
HAL_I2C_Init                                      build/stm32f0xx_hal_i2c.o
HAL_I2C_IsDeviceReady                             build/stm32f0xx_hal_i2c.o
HAL_I2C_ListenCpltCallback                        build/stm32f0xx_hal_i2c.o
HAL_I2C_MasterRxCpltCallback                      build/stm32f0xx_hal_i2c.o
HAL_I2C_MasterTxCpltCallback                      build/stm32f0xx_hal_i2c.o
HAL_I2C_Master_Abort_IT                           build/stm32f0xx_hal_i2c.o
HAL_I2C_Master_Receive                            build/stm32f0xx_hal_i2c.o
HAL_I2C_Master_Receive_DMA                        build/stm32f0xx_hal_i2c.o
HAL_I2C_Master_Receive_IT                         build/stm32f0xx_hal_i2c.o
HAL_I2C_Master_Seq_Receive_DMA                    build/stm32f0xx_hal_i2c.o
HAL_I2C_Master_Seq_Receive_IT                     build/stm32f0xx_hal_i2c.o
HAL_I2C_Master_Seq_Transmit_DMA                   build/stm32f0xx_hal_i2c.o
HAL_I2C_Master_Seq_Transmit_IT                    build/stm32f0xx_hal_i2c.o
HAL_I2C_Master_Transmit                           build/stm32f0xx_hal_i2c.o
HAL_I2C_Master_Transmit_DMA                       build/stm32f0xx_hal_i2c.o
HAL_I2C_Master_Transmit_IT                        build/stm32f0xx_hal_i2c.o
HAL_I2C_MemRxCpltCallback                         build/stm32f0xx_hal_i2c.o
HAL_I2C_MemTxCpltCallback                         build/stm32f0xx_hal_i2c.o
HAL_I2C_Mem_Read                                  build/stm32f0xx_hal_i2c.o
HAL_I2C_Mem_Read_DMA                              build/stm32f0xx_hal_i2c.o
HAL_I2C_Mem_Read_IT                               build/stm32f0xx_hal_i2c.o
HAL_I2C_Mem_Write                                 build/stm32f0xx_hal_i2c.o
HAL_I2C_Mem_Write_DMA                             build/stm32f0xx_hal_i2c.o
HAL_I2C_Mem_Write_IT                              build/stm32f0xx_hal_i2c.o
HAL_I2C_MspDeInit                                 build/stm32f0xx_hal_i2c.o
HAL_I2C_MspInit                                   build/stm32f0xx_hal_i2c.o
HAL_I2C_SlaveRxCpltCallback                       build/stm32f0xx_hal_i2c.o
HAL_I2C_SlaveTxCpltCallback                       build/stm32f0xx_hal_i2c.o
HAL_I2C_Slave_Receive                             build/stm32f0xx_hal_i2c.o
HAL_I2C_Slave_Receive_DMA                         build/stm32f0xx_hal_i2c.o
HAL_I2C_Slave_Receive_IT                          build/stm32f0xx_hal_i2c.o
HAL_I2C_Slave_Seq_Receive_DMA                     build/stm32f0xx_hal_i2c.o
HAL_I2C_Slave_Seq_Receive_IT                      build/stm32f0xx_hal_i2c.o
HAL_I2C_Slave_Seq_Transmit_DMA                    build/stm32f0xx_hal_i2c.o
HAL_I2C_Slave_Seq_Transmit_IT                     build/stm32f0xx_hal_i2c.o
HAL_I2C_Slave_Transmit                            build/stm32f0xx_hal_i2c.o
HAL_I2C_Slave_Transmit_DMA                        build/stm32f0xx_hal_i2c.o
HAL_I2C_Slave_Transmit_IT                         build/stm32f0xx_hal_i2c.o
HAL_IncTick                                       build/stm32f0xx_hal.o
                                                  build/stm32f0xx_it.o
HAL_Init                                          build/stm32f0xx_hal.o
                                                  build/main.o
HAL_InitTick                                      build/stm32f0xx_hal.o
                                                  build/stm32f0xx_hal_rcc.o
HAL_MspDeInit                                     build/stm32f0xx_hal.o
HAL_MspInit                                       build/stm32f0xx_hal_msp.o
                                                  build/stm32f0xx_hal.o
HAL_NVIC_ClearPendingIRQ                          build/stm32f0xx_hal_cortex.o
HAL_NVIC_DisableIRQ                               build/stm32f0xx_hal_cortex.o
HAL_NVIC_EnableIRQ                                build/stm32f0xx_hal_cortex.o
HAL_NVIC_GetPendingIRQ                            build/stm32f0xx_hal_cortex.o
HAL_NVIC_GetPriority                              build/stm32f0xx_hal_cortex.o
HAL_NVIC_SetPendingIRQ                            build/stm32f0xx_hal_cortex.o
HAL_NVIC_SetPriority                              build/stm32f0xx_hal_cortex.o
                                                  build/stm32f0xx_hal.o
HAL_NVIC_SystemReset                              build/stm32f0xx_hal_cortex.o
HAL_PWREx_DisableVddio2Monitor                    build/stm32f0xx_hal_pwr_ex.o
HAL_PWREx_EnableVddio2Monitor                     build/stm32f0xx_hal_pwr_ex.o
HAL_PWREx_Vddio2MonitorCallback                   build/stm32f0xx_hal_pwr_ex.o
HAL_PWREx_Vddio2Monitor_IRQHandler                build/stm32f0xx_hal_pwr_ex.o
HAL_PWR_ConfigPVD                                 build/stm32f0xx_hal_pwr_ex.o
HAL_PWR_DeInit                                    build/stm32f0xx_hal_pwr.o
HAL_PWR_DisableBkUpAccess                         build/stm32f0xx_hal_pwr.o
HAL_PWR_DisablePVD                                build/stm32f0xx_hal_pwr_ex.o
HAL_PWR_DisableSEVOnPend                          build/stm32f0xx_hal_pwr.o
HAL_PWR_DisableSleepOnExit                        build/stm32f0xx_hal_pwr.o
HAL_PWR_DisableWakeUpPin                          build/stm32f0xx_hal_pwr.o
HAL_PWR_EnableBkUpAccess                          build/stm32f0xx_hal_pwr.o
HAL_PWR_EnablePVD                                 build/stm32f0xx_hal_pwr_ex.o
HAL_PWR_EnableSEVOnPend                           build/stm32f0xx_hal_pwr.o
HAL_PWR_EnableSleepOnExit                         build/stm32f0xx_hal_pwr.o
HAL_PWR_EnableWakeUpPin                           build/stm32f0xx_hal_pwr.o
HAL_PWR_EnterSLEEPMode                            build/stm32f0xx_hal_pwr.o
HAL_PWR_EnterSTANDBYMode                          build/stm32f0xx_hal_pwr.o
HAL_PWR_EnterSTOPMode                             build/stm32f0xx_hal_pwr.o
HAL_PWR_PVDCallback                               build/stm32f0xx_hal_pwr_ex.o
HAL_PWR_PVD_IRQHandler                            build/stm32f0xx_hal_pwr_ex.o
HAL_RCCEx_CRSConfig                               build/stm32f0xx_hal_rcc_ex.o
HAL_RCCEx_CRSGetSynchronizationInfo               build/stm32f0xx_hal_rcc_ex.o
HAL_RCCEx_CRSSoftwareSynchronizationGenerate      build/stm32f0xx_hal_rcc_ex.o
HAL_RCCEx_CRSWaitSynchronization                  build/stm32f0xx_hal_rcc_ex.o
HAL_RCCEx_CRS_ErrorCallback                       build/stm32f0xx_hal_rcc_ex.o
HAL_RCCEx_CRS_ExpectedSyncCallback                build/stm32f0xx_hal_rcc_ex.o
HAL_RCCEx_CRS_IRQHandler                          build/stm32f0xx_hal_rcc_ex.o
HAL_RCCEx_CRS_SyncOkCallback                      build/stm32f0xx_hal_rcc_ex.o
HAL_RCCEx_CRS_SyncWarnCallback                    build/stm32f0xx_hal_rcc_ex.o
HAL_RCCEx_GetPeriphCLKConfig                      build/stm32f0xx_hal_rcc_ex.o
HAL_RCCEx_GetPeriphCLKFreq                        build/stm32f0xx_hal_rcc_ex.o
HAL_RCCEx_PeriphCLKConfig                         build/stm32f0xx_hal_rcc_ex.o
HAL_RCC_CSSCallback                               build/stm32f0xx_hal_rcc.o
HAL_RCC_ClockConfig                               build/stm32f0xx_hal_rcc.o
                                                  build/main.o
HAL_RCC_DeInit                                    build/stm32f0xx_hal_rcc.o
HAL_RCC_DisableCSS                                build/stm32f0xx_hal_rcc.o
HAL_RCC_EnableCSS                                 build/stm32f0xx_hal_rcc.o
HAL_RCC_GetClockConfig                            build/stm32f0xx_hal_rcc.o
HAL_RCC_GetHCLKFreq                               build/stm32f0xx_hal_rcc.o
HAL_RCC_GetOscConfig                              build/stm32f0xx_hal_rcc.o
HAL_RCC_GetPCLK1Freq                              build/stm32f0xx_hal_rcc.o
                                                  build/stm32f0xx_hal_rcc_ex.o
HAL_RCC_GetSysClockFreq                           build/stm32f0xx_hal_rcc.o
                                                  build/stm32f0xx_hal_rcc_ex.o
HAL_RCC_MCOConfig                                 build/stm32f0xx_hal_rcc.o
HAL_RCC_NMI_IRQHandler                            build/stm32f0xx_hal_rcc.o
HAL_RCC_OscConfig                                 build/stm32f0xx_hal_rcc.o
                                                  build/main.o
HAL_ResumeTick                                    build/stm32f0xx_hal.o
HAL_SPIEx_FlushRxFifo                             build/stm32f0xx_hal_spi_ex.o
HAL_SPI_Abort                                     build/stm32f0xx_hal_spi.o
HAL_SPI_AbortCpltCallback                         build/stm32f0xx_hal_spi.o
HAL_SPI_Abort_IT                                  build/stm32f0xx_hal_spi.o
HAL_SPI_DMAPause                                  build/stm32f0xx_hal_spi.o
HAL_SPI_DMAResume                                 build/stm32f0xx_hal_spi.o
HAL_SPI_DMAStop                                   build/stm32f0xx_hal_spi.o
HAL_SPI_DeInit                                    build/stm32f0xx_hal_spi.o
HAL_SPI_ErrorCallback                             build/stm32f0xx_hal_spi.o
HAL_SPI_GetError                                  build/stm32f0xx_hal_spi.o
HAL_SPI_GetState                                  build/stm32f0xx_hal_spi.o
HAL_SPI_IRQHandler                                build/stm32f0xx_hal_spi.o
HAL_SPI_Init                                      build/stm32f0xx_hal_spi.o
                                                  build/spi.o
HAL_SPI_MspDeInit                                 build/spi.o
                                                  build/stm32f0xx_hal_spi.o
HAL_SPI_MspInit                                   build/spi.o
                                                  build/stm32f0xx_hal_spi.o
HAL_SPI_Receive                                   build/stm32f0xx_hal_spi.o
HAL_SPI_Receive_DMA                               build/stm32f0xx_hal_spi.o
HAL_SPI_Receive_IT                                build/stm32f0xx_hal_spi.o
HAL_SPI_RxCpltCallback                            build/stm32f0xx_hal_spi.o
HAL_SPI_RxHalfCpltCallback                        build/stm32f0xx_hal_spi.o
HAL_SPI_Transmit                                  build/stm32f0xx_hal_spi.o
                                                  build/blinkt.o
HAL_SPI_TransmitReceive                           build/stm32f0xx_hal_spi.o
HAL_SPI_TransmitReceive_DMA                       build/stm32f0xx_hal_spi.o
HAL_SPI_TransmitReceive_IT                        build/stm32f0xx_hal_spi.o
HAL_SPI_Transmit_DMA                              build/stm32f0xx_hal_spi.o
HAL_SPI_Transmit_IT                               build/stm32f0xx_hal_spi.o
HAL_SPI_TxCpltCallback                            build/stm32f0xx_hal_spi.o
HAL_SPI_TxHalfCpltCallback                        build/stm32f0xx_hal_spi.o
HAL_SPI_TxRxCpltCallback                          build/stm32f0xx_hal_spi.o
HAL_SPI_TxRxHalfCpltCallback                      build/stm32f0xx_hal_spi.o
HAL_SYSTICK_CLKSourceConfig                       build/stm32f0xx_hal_cortex.o
HAL_SYSTICK_Callback                              build/stm32f0xx_hal_cortex.o
HAL_SYSTICK_Config                                build/stm32f0xx_hal_cortex.o
                                                  build/stm32f0xx_hal.o
HAL_SYSTICK_IRQHandler                            build/stm32f0xx_hal_cortex.o
HAL_SetTickFreq                                   build/stm32f0xx_hal.o
HAL_SuspendTick                                   build/stm32f0xx_hal.o
HardFault_Handler                                 build/stm32f0xx_it.o
I2C1_IRQHandler                                   build/startup_stm32f091xc.o
I2C2_IRQHandler                                   build/startup_stm32f091xc.o
MX_GPIO_Init                                      build/gpio.o
                                                  build/main.o
MX_SPI1_Init                                      build/spi.o
                                                  build/main.o
NMI_Handler                                       build/stm32f0xx_it.o
PVD_VDDIO2_IRQHandler                             build/startup_stm32f091xc.o
PendSV_Handler                                    build/stm32f0xx_it.o
RCC_CRS_IRQHandler                                build/startup_stm32f091xc.o
RTC_IRQHandler                                    build/startup_stm32f091xc.o
Reset_Handler                                     build/startup_stm32f091xc.o
SPI1_IRQHandler                                   build/startup_stm32f091xc.o
SPI2_IRQHandler                                   build/startup_stm32f091xc.o
SVC_Handler                                       build/stm32f0xx_it.o
SysTick_Handler                                   build/stm32f0xx_it.o
SystemClock_Config                                build/main.o
SystemCoreClock                                   build/system_stm32f0xx.o
                                                  build/stm32f0xx_hal_spi.o
                                                  build/stm32f0xx_hal_rcc.o
                                                  build/stm32f0xx_hal.o
SystemCoreClockUpdate                             build/system_stm32f0xx.o
SystemInit                                        build/system_stm32f0xx.o
                                                  build/startup_stm32f091xc.o
TIM14_IRQHandler                                  build/startup_stm32f091xc.o
TIM15_IRQHandler                                  build/startup_stm32f091xc.o
TIM16_IRQHandler                                  build/startup_stm32f091xc.o
TIM17_IRQHandler                                  build/startup_stm32f091xc.o
TIM1_BRK_UP_TRG_COM_IRQHandler                    build/startup_stm32f091xc.o
TIM1_CC_IRQHandler                                build/startup_stm32f091xc.o
TIM2_IRQHandler                                   build/startup_stm32f091xc.o
TIM3_IRQHandler                                   build/startup_stm32f091xc.o
TIM6_DAC_IRQHandler                               build/startup_stm32f091xc.o
TIM7_IRQHandler                                   build/startup_stm32f091xc.o
TSC_IRQHandler                                    build/startup_stm32f091xc.o
USART1_IRQHandler                                 build/startup_stm32f091xc.o
USART2_IRQHandler                                 build/startup_stm32f091xc.o
USART3_8_IRQHandler                               build/startup_stm32f091xc.o
WWDG_IRQHandler                                   build/startup_stm32f091xc.o
_ITM_deregisterTMCloneTable                       /usr/lib/gcc/arm-none-eabi/6.3.1/thumb/v6-m/crtbegin.o
_ITM_registerTMCloneTable                         /usr/lib/gcc/arm-none-eabi/6.3.1/thumb/v6-m/crtbegin.o
_Jv_RegisterClasses                               /usr/lib/gcc/arm-none-eabi/6.3.1/thumb/v6-m/crtbegin.o
__TMC_END__                                       /usr/lib/gcc/arm-none-eabi/6.3.1/thumb/v6-m/crtend.o
                                                  /usr/lib/gcc/arm-none-eabi/6.3.1/thumb/v6-m/crtbegin.o
__aeabi_idiv0                                     /usr/lib/gcc/arm-none-eabi/6.3.1/thumb/v6-m/libgcc.a(_dvmd_tls.o)
                                                  /usr/lib/gcc/arm-none-eabi/6.3.1/thumb/v6-m/libgcc.a(_udivsi3.o)
__aeabi_ldiv0                                     /usr/lib/gcc/arm-none-eabi/6.3.1/thumb/v6-m/libgcc.a(_dvmd_tls.o)
__aeabi_uidiv                                     /usr/lib/gcc/arm-none-eabi/6.3.1/thumb/v6-m/libgcc.a(_udivsi3.o)
                                                  build/system_stm32f0xx.o
                                                  build/stm32f0xx_hal_spi.o
                                                  build/stm32f0xx_hal_rcc.o
                                                  build/stm32f0xx_hal_dma.o
                                                  build/stm32f0xx_hal.o
__aeabi_uidivmod                                  /usr/lib/gcc/arm-none-eabi/6.3.1/thumb/v6-m/libgcc.a(_udivsi3.o)
__bss_end__                                       /usr/lib/gcc/arm-none-eabi/6.3.1/../../../arm-none-eabi/lib/thumb/v6-m/crt0.o
__bss_start__                                     /usr/lib/gcc/arm-none-eabi/6.3.1/../../../arm-none-eabi/lib/thumb/v6-m/crt0.o
__call_exitprocs                                  /usr/lib/gcc/arm-none-eabi/6.3.1/../../../arm-none-eabi/lib/thumb/v6-m/libc.a(lib_a-__call_atexit.o)
                                                  /usr/lib/gcc/arm-none-eabi/6.3.1/../../../arm-none-eabi/lib/thumb/v6-m/libc.a(lib_a-exit.o)
__deregister_frame_info                           /usr/lib/gcc/arm-none-eabi/6.3.1/thumb/v6-m/crtbegin.o
__dso_handle                                      /usr/lib/gcc/arm-none-eabi/6.3.1/thumb/v6-m/crtbegin.o
__fini_array_end                                  /usr/lib/gcc/arm-none-eabi/6.3.1/../../../arm-none-eabi/lib/thumb/v6-m/libc.a(lib_a-fini.o)
__fini_array_start                                /usr/lib/gcc/arm-none-eabi/6.3.1/../../../arm-none-eabi/lib/thumb/v6-m/libc.a(lib_a-fini.o)
__init_array_end                                  /usr/lib/gcc/arm-none-eabi/6.3.1/../../../arm-none-eabi/lib/thumb/v6-m/libc.a(lib_a-init.o)
__init_array_start                                /usr/lib/gcc/arm-none-eabi/6.3.1/../../../arm-none-eabi/lib/thumb/v6-m/libc.a(lib_a-init.o)
__libc_fini                                       /usr/lib/gcc/arm-none-eabi/6.3.1/../../../arm-none-eabi/lib/thumb/v6-m/libc.a(lib_a-__call_atexit.o)
__libc_fini_array                                 /usr/lib/gcc/arm-none-eabi/6.3.1/../../../arm-none-eabi/lib/thumb/v6-m/libc.a(lib_a-fini.o)
                                                  /usr/lib/gcc/arm-none-eabi/6.3.1/../../../arm-none-eabi/lib/thumb/v6-m/libc.a(lib_a-__call_atexit.o)
                                                  /usr/lib/gcc/arm-none-eabi/6.3.1/../../../arm-none-eabi/lib/thumb/v6-m/crt0.o
__libc_init_array                                 /usr/lib/gcc/arm-none-eabi/6.3.1/../../../arm-none-eabi/lib/thumb/v6-m/libc.a(lib_a-init.o)
                                                  build/startup_stm32f091xc.o
                                                  /usr/lib/gcc/arm-none-eabi/6.3.1/../../../arm-none-eabi/lib/thumb/v6-m/crt0.o
__preinit_array_end                               /usr/lib/gcc/arm-none-eabi/6.3.1/../../../arm-none-eabi/lib/thumb/v6-m/libc.a(lib_a-init.o)
__preinit_array_start                             /usr/lib/gcc/arm-none-eabi/6.3.1/../../../arm-none-eabi/lib/thumb/v6-m/libc.a(lib_a-init.o)
__register_exitproc                               /usr/lib/gcc/arm-none-eabi/6.3.1/../../../arm-none-eabi/lib/thumb/v6-m/libc.a(lib_a-__atexit.o)
                                                  /usr/lib/gcc/arm-none-eabi/6.3.1/../../../arm-none-eabi/lib/thumb/v6-m/libc.a(lib_a-atexit.o)
__register_frame_info                             /usr/lib/gcc/arm-none-eabi/6.3.1/thumb/v6-m/crtbegin.o
__stack                                           /usr/lib/gcc/arm-none-eabi/6.3.1/../../../arm-none-eabi/lib/thumb/v6-m/crt0.o
__udivsi3                                         /usr/lib/gcc/arm-none-eabi/6.3.1/thumb/v6-m/libgcc.a(_udivsi3.o)
_ebss                                             build/startup_stm32f091xc.o
_edata                                            build/startup_stm32f091xc.o
_estack                                           build/startup_stm32f091xc.o
_exit                                             /usr/lib/gcc/arm-none-eabi/6.3.1/../../../arm-none-eabi/lib/thumb/v6-m/libnosys.a(_exit.o)
                                                  /usr/lib/gcc/arm-none-eabi/6.3.1/../../../arm-none-eabi/lib/thumb/v6-m/libc.a(lib_a-exit.o)
_fini                                             /usr/lib/gcc/arm-none-eabi/6.3.1/thumb/v6-m/crti.o
                                                  /usr/lib/gcc/arm-none-eabi/6.3.1/../../../arm-none-eabi/lib/thumb/v6-m/libc.a(lib_a-fini.o)
_global_impure_ptr                                /usr/lib/gcc/arm-none-eabi/6.3.1/../../../arm-none-eabi/lib/thumb/v6-m/libc.a(lib_a-impure.o)
                                                  /usr/lib/gcc/arm-none-eabi/6.3.1/../../../arm-none-eabi/lib/thumb/v6-m/libc.a(lib_a-__call_atexit.o)
                                                  /usr/lib/gcc/arm-none-eabi/6.3.1/../../../arm-none-eabi/lib/thumb/v6-m/libc.a(lib_a-__atexit.o)
                                                  /usr/lib/gcc/arm-none-eabi/6.3.1/../../../arm-none-eabi/lib/thumb/v6-m/libc.a(lib_a-exit.o)
_impure_ptr                                       /usr/lib/gcc/arm-none-eabi/6.3.1/../../../arm-none-eabi/lib/thumb/v6-m/libc.a(lib_a-impure.o)
_init                                             /usr/lib/gcc/arm-none-eabi/6.3.1/thumb/v6-m/crti.o
                                                  /usr/lib/gcc/arm-none-eabi/6.3.1/../../../arm-none-eabi/lib/thumb/v6-m/libc.a(lib_a-init.o)
_mainCRTStartup                                   /usr/lib/gcc/arm-none-eabi/6.3.1/../../../arm-none-eabi/lib/thumb/v6-m/crt0.o
_sbss                                             build/startup_stm32f091xc.o
_sdata                                            build/startup_stm32f091xc.o
_sidata                                           build/startup_stm32f091xc.o
_start                                            /usr/lib/gcc/arm-none-eabi/6.3.1/../../../arm-none-eabi/lib/thumb/v6-m/crt0.o
atexit                                            /usr/lib/gcc/arm-none-eabi/6.3.1/../../../arm-none-eabi/lib/thumb/v6-m/libc.a(lib_a-atexit.o)
                                                  /usr/lib/gcc/arm-none-eabi/6.3.1/../../../arm-none-eabi/lib/thumb/v6-m/libc.a(lib_a-__call_atexit.o)
                                                  /usr/lib/gcc/arm-none-eabi/6.3.1/../../../arm-none-eabi/lib/thumb/v6-m/crt0.o
candle_brightness_blinkt                          build/blinkt.o
                                                  build/main.o
candle_color_shift                                build/blinkt.o
                                                  build/main.o
clear_blinkt                                      build/blinkt.o
cur_brightness                                    build/main.o
exit                                              /usr/lib/gcc/arm-none-eabi/6.3.1/../../../arm-none-eabi/lib/thumb/v6-m/libc.a(lib_a-exit.o)
                                                  /usr/lib/gcc/arm-none-eabi/6.3.1/../../../arm-none-eabi/lib/thumb/v6-m/crt0.o
free                                              /usr/lib/gcc/arm-none-eabi/6.3.1/../../../arm-none-eabi/lib/thumb/v6-m/libc.a(lib_a-__call_atexit.o)
g_pfnVectors                                      build/startup_stm32f091xc.o
hardware_init_hook                                /usr/lib/gcc/arm-none-eabi/6.3.1/../../../arm-none-eabi/lib/thumb/v6-m/crt0.o
hspi1                                             build/spi.o
                                                  build/blinkt.o
leds                                              build/blinkt.o
main                                              build/main.o
                                                  build/startup_stm32f091xc.o
                                                  /usr/lib/gcc/arm-none-eabi/6.3.1/../../../arm-none-eabi/lib/thumb/v6-m/crt0.o
malloc                                            /usr/lib/gcc/arm-none-eabi/6.3.1/../../../arm-none-eabi/lib/thumb/v6-m/libc.a(lib_a-__atexit.o)
memset                                            /usr/lib/gcc/arm-none-eabi/6.3.1/../../../arm-none-eabi/lib/thumb/v6-m/libc.a(lib_a-memset.o)
                                                  build/spi.o
                                                  build/main.o
                                                  build/gpio.o
                                                  /usr/lib/gcc/arm-none-eabi/6.3.1/../../../arm-none-eabi/lib/thumb/v6-m/crt0.o
pFlash                                            build/stm32f0xx_hal_flash.o
                                                  build/stm32f0xx_hal_flash_ex.o
rgb_blinkt                                        build/blinkt.o
rgbb                                              build/blinkt.o
rgbb_blinkt                                       build/blinkt.o
set_pixel_blinkt                                  build/blinkt.o
                                                  build/main.o
set_pixel_brightness_blinkt                       build/blinkt.o
set_pixel_uint32_blinkt                           build/blinkt.o
show_blinkt                                       build/blinkt.o
                                                  build/main.o
software_init_hook                                /usr/lib/gcc/arm-none-eabi/6.3.1/../../../arm-none-eabi/lib/thumb/v6-m/crt0.o
spi_data                                          build/blinkt.o
uwTick                                            build/stm32f0xx_hal.o
uwTickFreq                                        build/stm32f0xx_hal.o
uwTickPrio                                        build/stm32f0xx_hal.o
                                                  build/stm32f0xx_hal_rcc.o
write_byte_blinkt                                 build/blinkt.o
x                                                 build/blinkt.o
